block in append_cflags: checking for whether -std=c99 is accepted as CFLAGS... -------------------- yes

"x86_64-linux-gnu-gcc -o conftest -I/usr/include/x86_64-linux-gnu/ruby-3.0.0 -I/usr/include/ruby-3.0.0/ruby/backward -I/usr/include/ruby-3.0.0 -I. -Wdate-time -D_FORTIFY_SOURCE=2   -g -O2 -ffile-prefix-map=/build/ruby3.0-IyvJLJ/ruby3.0-3.0.2=. -fstack-protector-strong -Wformat -Werror=format-security -fPIC conftest.c  -L. -L/usr/lib/x86_64-linux-gnu -L. -Wl,-Bsymbolic-functions -Wl,-z,relro -Wl,-z,now -fstack-protector-strong -rdynamic -Wl,-export-dynamic     -lruby-3.0  -lm   -lc"
checked program was:
/* begin */
1: #include "ruby.h"
2: 
3: int main(int argc, char **argv)
4: {
5:   return !!argv[argc];
6: }
/* end */

"x86_64-linux-gnu-gcc -I/usr/include/x86_64-linux-gnu/ruby-3.0.0 -I/usr/include/ruby-3.0.0/ruby/backward -I/usr/include/ruby-3.0.0 -I. -Wdate-time -D_FORTIFY_SOURCE=2   -g -O2 -ffile-prefix-map=/build/ruby3.0-IyvJLJ/ruby3.0-3.0.2=. -fstack-protector-strong -Wformat -Werror=format-security -fPIC  -std=c99 -Werror -c conftest.c"
checked program was:
/* begin */
1: #include "ruby.h"
2: 
3: int main(int argc, char **argv)
4: {
5:   return !!argv[argc];
6: }
/* end */

--------------------

have_header: checking for x86intrin.h... -------------------- yes

"x86_64-linux-gnu-gcc -E -I/usr/include/x86_64-linux-gnu/ruby-3.0.0 -I/usr/include/ruby-3.0.0/ruby/backward -I/usr/include/ruby-3.0.0 -I. -Wdate-time -D_FORTIFY_SOURCE=2   -g -O2 -ffile-prefix-map=/build/ruby3.0-IyvJLJ/ruby3.0-3.0.2=. -fstack-protector-strong -Wformat -Werror=format-security -fPIC -std=c99  conftest.c -o conftest.i"
checked program was:
/* begin */
1: #include "ruby.h"
2: 
3: #include <x86intrin.h>
/* end */

--------------------

have_type: checking for __m128i in x86intrin.h... -------------------- yes

"x86_64-linux-gnu-gcc -I/usr/include/x86_64-linux-gnu/ruby-3.0.0 -I/usr/include/ruby-3.0.0/ruby/backward -I/usr/include/ruby-3.0.0 -I. -Wdate-time -D_FORTIFY_SOURCE=2   -g -O2 -ffile-prefix-map=/build/ruby3.0-IyvJLJ/ruby3.0-3.0.2=. -fstack-protector-strong -Wformat -Werror=format-security -fPIC -std=c99   -c conftest.c"
checked program was:
/* begin */
1: #include "ruby.h"
2: 
3: #include <x86intrin.h>
4: 
5: /*top*/
6: typedef __m128i conftest_type;
7: int conftestval[sizeof(conftest_type)?1:-1];
/* end */

--------------------

"x86_64-linux-gnu-gcc -I/usr/include/x86_64-linux-gnu/ruby-3.0.0 -I/usr/include/ruby-3.0.0/ruby/backward -I/usr/include/ruby-3.0.0 -I. -Wdate-time -D_FORTIFY_SOURCE=2   -g -O2 -ffile-prefix-map=/build/ruby3.0-IyvJLJ/ruby3.0-3.0.2=. -fstack-protector-strong -Wformat -Werror=format-security -fPIC -std=c99   -c conftest.c"
checked program was:
/* begin */
1: #include "ruby.h"
2: 
3: #include <x86intrin.h>
4: int main() {
5:     __m128i test = _mm_set1_epi8(32);
6:     return 0;
7: }
/* end */

have_header: checking for cpuid.h... -------------------- yes

"x86_64-linux-gnu-gcc -E -I/usr/include/x86_64-linux-gnu/ruby-3.0.0 -I/usr/include/ruby-3.0.0/ruby/backward -I/usr/include/ruby-3.0.0 -I. -Wdate-time -D_FORTIFY_SOURCE=2   -g -O2 -ffile-prefix-map=/build/ruby3.0-IyvJLJ/ruby3.0-3.0.2=. -fstack-protector-strong -Wformat -Werror=format-security -fPIC -std=c99  conftest.c -o conftest.i"
checked program was:
/* begin */
1: #include "ruby.h"
2: 
3: #include <cpuid.h>
/* end */

--------------------

