current directory: /mnt/sda4/SkyeNetwork/Web/vendor/bundle/ruby/3.0.0/gems/eventmachine-1.2.7/ext
/usr/bin/ruby3.0 -I /usr/lib/ruby/vendor_ruby -r ./siteconf20250620-137781-f9k5xf.rb extconf.rb
checking for -lcrypto... no
checking for openssl/ssl.h... no
checking for rb_trap_immediate in ruby.h,rubysig.h... no
checking for rb_thread_blocking_region()... no
checking for rb_thread_call_without_gvl() in ruby/thread.h... yes
checking for rb_thread_fd_select()... yes
checking for rb_fdset_t in ruby/intern.h... yes
checking for rb_wait_for_single_fd()... yes
checking for rb_enable_interrupt()... no
checking for rb_time_new()... yes
checking for inotify_init() in sys/inotify.h... yes
checking for writev() in sys/uio.h... yes
checking for pipe2() in unistd.h... yes
checking for accept4() in sys/socket.h... yes
checking for SOCK_CLOEXEC in sys/socket.h... yes
checking for sys/event.h... no
checking for epoll_create() in sys/epoll.h... yes
checking for clock_gettime()... yes
checking for CLOCK_MONOTONIC_RAW in time.h... yes
checking for CLOCK_MONOTONIC in time.h... yes
CXXFLAGS=-g -O2 -ffile-prefix-map=/build/ruby3.0-IyvJLJ/ruby3.0-3.0.2=. -fstack-protector-strong -Wformat -Werror=format-security -Wall -Wextra -Wno-deprecated-declarations -Wno-ignored-qualifiers -Wno-unused-result -Wno-address
creating Makefile

current directory: /mnt/sda4/SkyeNetwork/Web/vendor/bundle/ruby/3.0.0/gems/eventmachine-1.2.7/ext
make DESTDIR\= clean

current directory: /mnt/sda4/SkyeNetwork/Web/vendor/bundle/ruby/3.0.0/gems/eventmachine-1.2.7/ext
make DESTDIR\=
compiling binder.cpp
compiling cmain.cpp
compiling ed.cpp
compiling em.cpp
em.cpp: In member function ‘void EventMachine_t::SignalLoopBreaker()’:
em.cpp:316:21: warning: ignoring return value of ‘ssize_t write(int, const void*, size_t)’ declared with attribute ‘warn_unused_result’ [-Wunused-result]
  316 |         (void)write (LoopBreakerWriter, "", 1);
      |               ~~~~~~^~~~~~~~~~~~~~~~~~~~~~~~~~
em.cpp: In member function ‘void EventMachine_t::_ReadLoopBreaker()’:
em.cpp:1109:20: warning: ignoring return value of ‘ssize_t read(int, void*, size_t)’ declared with attribute ‘warn_unused_result’ [-Wunused-result]
 1109 |         (void)read (LoopBreakerReader, buffer, sizeof(buffer));
      |               ~~~~~^~~~~~~~~~~~~~~~~~~~~~~~~~~~~~~~~~~~~~~~~~~
compiling kb.cpp
kb.cpp: In member function ‘virtual void KeyboardDescriptor::Read()’:
kb.cpp:77:20: warning: ignoring return value of ‘ssize_t read(int, void*, size_t)’ declared with attribute ‘warn_unused_result’ [-Wunused-result]
   77 |         (void)read (GetSocket(), &c, 1);
      |               ~~~~~^~~~~~~~~~~~~~~~~~~~
compiling page.cpp
compiling pipe.cpp
compiling rubymain.cpp
compiling ssl.cpp
linking shared-object rubyeventmachine.so

current directory: /mnt/sda4/SkyeNetwork/Web/vendor/bundle/ruby/3.0.0/gems/eventmachine-1.2.7/ext
make DESTDIR\= install
/usr/bin/install -c -m 0755 rubyeventmachine.so ./.gem.20250620-137781-e6zghp
/usr/bin/install: setting permissions for ‘./.gem.20250620-137781-e6zghp/rubyeventmachine.so’: Operation not permitted
make: *** [Makefile:190: install-so] Error 1

make install failed, exit code 2
